
Running 68 tests using 2 workers

  ok  2 [desktop-1440] › tests\qa-bo-025-mission2-scoped-smoke.spec.js:106:3 › QA-BO-025: Mission 2 scoped UI/responsive/accessibility smoke (AIL-030) › 1. Login boundary: form render ครบทุก viewport ไม่ overflow + Email + Password → BO ตรง ไม่มี OTP step (2.9s)
  ok  1 [desktop-1280] › tests\qa-bo-025-mission2-scoped-smoke.spec.js:106:3 › QA-BO-025: Mission 2 scoped UI/responsive/accessibility smoke (AIL-030) › 1. Login boundary: form render ครบทุก viewport ไม่ overflow + Email + Password → BO ตรง ไม่มี OTP step (3.9s)
  ok  4 [desktop-1280] › tests\qa-bo-025-mission2-scoped-smoke.spec.js:130:3 › QA-BO-025: Mission 2 scoped UI/responsive/accessibility smoke (AIL-030) › 2. Lockout display (failed_login): lockout message + countdown + forgot hint ครบทุก viewport ไม่ overflow (3.7s)
  ok  3 [desktop-1440] › tests\qa-bo-025-mission2-scoped-smoke.spec.js:130:3 › QA-BO-025: Mission 2 scoped UI/responsive/accessibility smoke (AIL-030) › 2. Lockout display (failed_login): lockout message + countdown + forgot hint ครบทุก viewport ไม่ overflow (4.7s)
  ok  5 [desktop-1280] › tests\qa-bo-025-mission2-scoped-smoke.spec.js:155:3 › QA-BO-025: Mission 2 scoped UI/responsive/accessibility smoke (AIL-030) › 3. Lock kinds: security_admin / Suspended → blocked message ไม่มี countdown/hint ทุก viewport (1.9s)
  ok  6 [desktop-1440] › tests\qa-bo-025-mission2-scoped-smoke.spec.js:155:3 › QA-BO-025: Mission 2 scoped UI/responsive/accessibility smoke (AIL-030) › 3. Lock kinds: security_admin / Suspended → blocked message ไม่มี countdown/hint ทุก viewport (3.1s)
  ok  7 [desktop-1280] › tests\qa-bo-025-mission2-scoped-smoke.spec.js:180:3 › QA-BO-025: Mission 2 scoped UI/responsive/accessibility smoke (AIL-030) › 4. Forgot Password ready state: fields + brand + exit ครบทุก viewport + initial focus ที่ email (1.7s)
  ok  8 [desktop-1440] › tests\qa-bo-025-mission2-scoped-smoke.spec.js:180:3 › QA-BO-025: Mission 2 scoped UI/responsive/accessibility smoke (AIL-030) › 4. Forgot Password ready state: fields + brand + exit ครบทุก viewport + initial focus ที่ email (2.3s)
  ok  9 [desktop-1280] › tests\qa-bo-025-mission2-scoped-smoke.spec.js:209:3 › QA-BO-025: Mission 2 scoped UI/responsive/accessibility smoke (AIL-030) › 5. Forgot validation: error ผูก field (role=alert + aria) + focus กลับ field + keyboard submit ทำงาน (2.9s)
  ok 10 [desktop-1440] › tests\qa-bo-025-mission2-scoped-smoke.spec.js:209:3 › QA-BO-025: Mission 2 scoped UI/responsive/accessibility smoke (AIL-030) › 5. Forgot validation: error ผูก field (role=alert + aria) + focus กลับ field + keyboard submit ทำงาน (3.6s)
  ok 11 [desktop-1280] › tests\qa-bo-025-mission2-scoped-smoke.spec.js:241:3 › QA-BO-025: Mission 2 scoped UI/responsive/accessibility smoke (AIL-030) › 6. Forgot accepted/system-error states: generic response role=status + action focus/ใช้ได้ทุก viewport (3.7s)
  ok 12 [desktop-1440] › tests\qa-bo-025-mission2-scoped-smoke.spec.js:241:3 › QA-BO-025: Mission 2 scoped UI/responsive/accessibility smoke (AIL-030) › 6. Forgot accepted/system-error states: generic response role=status + action focus/ใช้ได้ทุก viewport (4.0s)
  ok 13 [desktop-1280] › tests\qa-bo-025-mission2-scoped-smoke.spec.js:286:3 › QA-BO-025: Mission 2 scoped UI/responsive/accessibility smoke (AIL-030) › 7. Reset token states sweep: ทุก terminal state render title + role=alert + action ครบทุก viewport (5.4s)
  ok 15 [desktop-1280] › tests\qa-bo-025-mission2-scoped-smoke.spec.js:340:3 › QA-BO-025: Mission 2 scoped UI/responsive/accessibility smoke (AIL-030) › 8. Reset form: masked email + fields/labels + toggles + policy + submit ครบทุก viewport + initial focus (1.9s)
  ok 14 [desktop-1440] › tests\qa-bo-025-mission2-scoped-smoke.spec.js:286:3 › QA-BO-025: Mission 2 scoped UI/responsive/accessibility smoke (AIL-030) › 7. Reset token states sweep: ทุก terminal state render title + role=alert + action ครบทุก viewport (5.0s)
  ok 17 [desktop-1440] › tests\qa-bo-025-mission2-scoped-smoke.spec.js:340:3 › QA-BO-025: Mission 2 scoped UI/responsive/accessibility smoke (AIL-030) › 8. Reset form: masked email + fields/labels + toggles + policy + submit ครบทุก viewport + initial focus (2.2s)
  ok 16 [desktop-1280] › tests\qa-bo-025-mission2-scoped-smoke.spec.js:377:3 › QA-BO-025: Mission 2 scoped UI/responsive/accessibility smoke (AIL-030) › 9. Reset validation: errors ผูก aria + focus ไป field แรกที่ผิด + policy live-update + Enter submit (2.9s)
  ok 18 [desktop-1440] › tests\qa-bo-025-mission2-scoped-smoke.spec.js:377:3 › QA-BO-025: Mission 2 scoped UI/responsive/accessibility smoke (AIL-030) › 9. Reset validation: errors ผูก aria + focus ไป field แรกที่ผิด + policy live-update + Enter submit (3.4s)
  ok 19 [desktop-1280] › tests\qa-bo-025-mission2-scoped-smoke.spec.js:423:3 › QA-BO-025: Mission 2 scoped UI/responsive/accessibility smoke (AIL-030) › 10. Reset success + transient states: role=status/alert + action focus/keyboard ใช้ได้ทุก viewport (3.5s)
  ok 20 [desktop-1440] › tests\qa-bo-025-mission2-scoped-smoke.spec.js:423:3 › QA-BO-025: Mission 2 scoped UI/responsive/accessibility smoke (AIL-030) › 10. Reset success + transient states: role=status/alert + action focus/keyboard ใช้ได้ทุก viewport (2.9s)
  ok 21 [desktop-1280] › tests\qa-bo-025-mission2-scoped-smoke.spec.js:482:3 › QA-BO-025: Mission 2 scoped UI/responsive/accessibility smoke (AIL-030) › 11. My Account: entry .admin-box → หน้า render ครบ + detail-grid responsive ตาม viewport + ไม่ overflow (3.0s)
  ok 22 [desktop-1440] › tests\qa-bo-025-mission2-scoped-smoke.spec.js:482:3 › QA-BO-025: Mission 2 scoped UI/responsive/accessibility smoke (AIL-030) › 11. My Account: entry .admin-box → หน้า render ครบ + detail-grid responsive ตาม viewport + ไม่ overflow (3.0s)
  ok 23 [desktop-1280] › tests\qa-bo-025-mission2-scoped-smoke.spec.js:509:3 › QA-BO-025: Mission 2 scoped UI/responsive/accessibility smoke (AIL-030) › 12. Edit Name modal: ครบทุก viewport ไม่ overflow + error association + focus + ปิดได้ (4.3s)
  ok 24 [desktop-1440] › tests\qa-bo-025-mission2-scoped-smoke.spec.js:509:3 › QA-BO-025: Mission 2 scoped UI/responsive/accessibility smoke (AIL-030) › 12. Edit Name modal: ครบทุก viewport ไม่ overflow + error association + focus + ปิดได้ (3.8s)
  ok 25 [desktop-1280] › tests\qa-bo-025-mission2-scoped-smoke.spec.js:553:3 › QA-BO-025: Mission 2 scoped UI/responsive/accessibility smoke (AIL-030) › 13. Change Password modal: 3 fields + policy + toggles ครบทุก viewport + initial focus + error association (3.8s)
  ok 26 [desktop-1440] › tests\qa-bo-025-mission2-scoped-smoke.spec.js:553:3 › QA-BO-025: Mission 2 scoped UI/responsive/accessibility smoke (AIL-030) › 13. Change Password modal: 3 fields + policy + toggles ครบทุก viewport + initial focus + error association (3.8s)
  ok 27 [desktop-1280] › tests\qa-bo-025-mission2-scoped-smoke.spec.js:605:3 › QA-BO-025: Mission 2 scoped UI/responsive/accessibility smoke (AIL-030) › 14. Active Sessions: list + masked metadata + revoke modal ครบทุก viewport ไม่ overflow (3.2s)
  ok 28 [desktop-1440] › tests\qa-bo-025-mission2-scoped-smoke.spec.js:605:3 › QA-BO-025: Mission 2 scoped UI/responsive/accessibility smoke (AIL-030) › 14. Active Sessions: list + masked metadata + revoke modal ครบทุก viewport ไม่ overflow (3.4s)
  ok 29 [desktop-1280] › tests\qa-bo-025-mission2-scoped-smoke.spec.js:654:3 › QA-BO-025: Mission 2 scoped UI/responsive/accessibility smoke (AIL-030) › 15. Logout All Devices modal: context + warning ครบทุก viewport + ยกเลิกไม่ mutate (3.3s)
  ok 30 [desktop-1440] › tests\qa-bo-025-mission2-scoped-smoke.spec.js:654:3 › QA-BO-025: Mission 2 scoped UI/responsive/accessibility smoke (AIL-030) › 15. Logout All Devices modal: context + warning ครบทุก viewport + ยกเลิกไม่ mutate (3.1s)
  ok 31 [desktop-1280] › tests\qa-bo-025-mission2-scoped-smoke.spec.js:683:3 › QA-BO-025: Mission 2 scoped UI/responsive/accessibility smoke (AIL-030) › 16. Session Expired gate: state block + CTA ครบทุก viewport ไม่ overflow → กลับ Login (3.3s)
  ok 33 [desktop-1280] › tests\qa-bo-025-mission2-scoped-smoke.spec.js:716:3 › QA-BO-025: Mission 2 scoped UI/responsive/accessibility smoke (AIL-030) › 17. Out-of-scope guard: exit reset/forgot mode แล้ว body/nav/login กลับสภาพเดิม ไม่มี class ค้าง (1.8s)
  ok 32 [desktop-1440] › tests\qa-bo-025-mission2-scoped-smoke.spec.js:683:3 › QA-BO-025: Mission 2 scoped UI/responsive/accessibility smoke (AIL-030) › 16. Session Expired gate: state block + CTA ครบทุก viewport ไม่ overflow → กลับ Login (3.8s)
  ok 34 [desktop-1440] › tests\qa-bo-025-mission2-scoped-smoke.spec.js:716:3 › QA-BO-025: Mission 2 scoped UI/responsive/accessibility smoke (AIL-030) › 17. Out-of-scope guard: exit reset/forgot mode แล้ว body/nav/login กลับสภาพเดิม ไม่มี class ค้าง (1.9s)
  ok 35 [tablet-768] › tests\qa-bo-025-mission2-scoped-smoke.spec.js:106:3 › QA-BO-025: Mission 2 scoped UI/responsive/accessibility smoke (AIL-030) › 1. Login boundary: form render ครบทุก viewport ไม่ overflow + Email + Password → BO ตรง ไม่มี OTP step (1.6s)
  ok 37 [mobile-390] › tests\qa-bo-025-mission2-scoped-smoke.spec.js:106:3 › QA-BO-025: Mission 2 scoped UI/responsive/accessibility smoke (AIL-030) › 1. Login boundary: form render ครบทุก viewport ไม่ overflow + Email + Password → BO ตรง ไม่มี OTP step (1.4s)
  ok 36 [tablet-768] › tests\qa-bo-025-mission2-scoped-smoke.spec.js:130:3 › QA-BO-025: Mission 2 scoped UI/responsive/accessibility smoke (AIL-030) › 2. Lockout display (failed_login): lockout message + countdown + forgot hint ครบทุก viewport ไม่ overflow (3.9s)
  ok 39 [tablet-768] › tests\qa-bo-025-mission2-scoped-smoke.spec.js:155:3 › QA-BO-025: Mission 2 scoped UI/responsive/accessibility smoke (AIL-030) › 3. Lock kinds: security_admin / Suspended → blocked message ไม่มี countdown/hint ทุก viewport (1.8s)
  ok 40 [tablet-768] › tests\qa-bo-025-mission2-scoped-smoke.spec.js:180:3 › QA-BO-025: Mission 2 scoped UI/responsive/accessibility smoke (AIL-030) › 4. Forgot Password ready state: fields + brand + exit ครบทุก viewport + initial focus ที่ email (1.1s)
  ok 38 [mobile-390] › tests\qa-bo-025-mission2-scoped-smoke.spec.js:130:3 › QA-BO-025: Mission 2 scoped UI/responsive/accessibility smoke (AIL-030) › 2. Lockout display (failed_login): lockout message + countdown + forgot hint ครบทุก viewport ไม่ overflow (4.0s)
  ok 42 [mobile-390] › tests\qa-bo-025-mission2-scoped-smoke.spec.js:155:3 › QA-BO-025: Mission 2 scoped UI/responsive/accessibility smoke (AIL-030) › 3. Lock kinds: security_admin / Suspended → blocked message ไม่มี countdown/hint ทุก viewport (1.6s)
  ok 41 [tablet-768] › tests\qa-bo-025-mission2-scoped-smoke.spec.js:209:3 › QA-BO-025: Mission 2 scoped UI/responsive/accessibility smoke (AIL-030) › 5. Forgot validation: error ผูก field (role=alert + aria) + focus กลับ field + keyboard submit ทำงาน (2.7s)
  ok 43 [mobile-390] › tests\qa-bo-025-mission2-scoped-smoke.spec.js:180:3 › QA-BO-025: Mission 2 scoped UI/responsive/accessibility smoke (AIL-030) › 4. Forgot Password ready state: fields + brand + exit ครบทุก viewport + initial focus ที่ email (1.4s)
  ok 45 [mobile-390] › tests\qa-bo-025-mission2-scoped-smoke.spec.js:209:3 › QA-BO-025: Mission 2 scoped UI/responsive/accessibility smoke (AIL-030) › 5. Forgot validation: error ผูก field (role=alert + aria) + focus กลับ field + keyboard submit ทำงาน (2.3s)
  ok 44 [tablet-768] › tests\qa-bo-025-mission2-scoped-smoke.spec.js:241:3 › QA-BO-025: Mission 2 scoped UI/responsive/accessibility smoke (AIL-030) › 6. Forgot accepted/system-error states: generic response role=status + action focus/ใช้ได้ทุก viewport (3.8s)
  ok 46 [mobile-390] › tests\qa-bo-025-mission2-scoped-smoke.spec.js:241:3 › QA-BO-025: Mission 2 scoped UI/responsive/accessibility smoke (AIL-030) › 6. Forgot accepted/system-error states: generic response role=status + action focus/ใช้ได้ทุก viewport (3.6s)
  ok 47 [tablet-768] › tests\qa-bo-025-mission2-scoped-smoke.spec.js:286:3 › QA-BO-025: Mission 2 scoped UI/responsive/accessibility smoke (AIL-030) › 7. Reset token states sweep: ทุก terminal state render title + role=alert + action ครบทุก viewport (4.3s)
  ok 49 [tablet-768] › tests\qa-bo-025-mission2-scoped-smoke.spec.js:340:3 › QA-BO-025: Mission 2 scoped UI/responsive/accessibility smoke (AIL-030) › 8. Reset form: masked email + fields/labels + toggles + policy + submit ครบทุก viewport + initial focus (1.6s)
  ok 48 [mobile-390] › tests\qa-bo-025-mission2-scoped-smoke.spec.js:286:3 › QA-BO-025: Mission 2 scoped UI/responsive/accessibility smoke (AIL-030) › 7. Reset token states sweep: ทุก terminal state render title + role=alert + action ครบทุก viewport (4.6s)
  ok 50 [tablet-768] › tests\qa-bo-025-mission2-scoped-smoke.spec.js:377:3 › QA-BO-025: Mission 2 scoped UI/responsive/accessibility smoke (AIL-030) › 9. Reset validation: errors ผูก aria + focus ไป field แรกที่ผิด + policy live-update + Enter submit (2.4s)
  ok 51 [mobile-390] › tests\qa-bo-025-mission2-scoped-smoke.spec.js:340:3 › QA-BO-025: Mission 2 scoped UI/responsive/accessibility smoke (AIL-030) › 8. Reset form: masked email + fields/labels + toggles + policy + submit ครบทุก viewport + initial focus (1.8s)
  ok 52 [tablet-768] › tests\qa-bo-025-mission2-scoped-smoke.spec.js:423:3 › QA-BO-025: Mission 2 scoped UI/responsive/accessibility smoke (AIL-030) › 10. Reset success + transient states: role=status/alert + action focus/keyboard ใช้ได้ทุก viewport (3.2s)
  ok 53 [mobile-390] › tests\qa-bo-025-mission2-scoped-smoke.spec.js:377:3 › QA-BO-025: Mission 2 scoped UI/responsive/accessibility smoke (AIL-030) › 9. Reset validation: errors ผูก aria + focus ไป field แรกที่ผิด + policy live-update + Enter submit (2.6s)
  ok 54 [tablet-768] › tests\qa-bo-025-mission2-scoped-smoke.spec.js:482:3 › QA-BO-025: Mission 2 scoped UI/responsive/accessibility smoke (AIL-030) › 11. My Account: entry .admin-box → หน้า render ครบ + detail-grid responsive ตาม viewport + ไม่ overflow (3.6s)
  ok 55 [mobile-390] › tests\qa-bo-025-mission2-scoped-smoke.spec.js:423:3 › QA-BO-025: Mission 2 scoped UI/responsive/accessibility smoke (AIL-030) › 10. Reset success + transient states: role=status/alert + action focus/keyboard ใช้ได้ทุก viewport (3.8s)
  ok 57 [mobile-390] › tests\qa-bo-025-mission2-scoped-smoke.spec.js:482:3 › QA-BO-025: Mission 2 scoped UI/responsive/accessibility smoke (AIL-030) › 11. My Account: entry .admin-box → หน้า render ครบ + detail-grid responsive ตาม viewport + ไม่ overflow (2.6s)
  ok 56 [tablet-768] › tests\qa-bo-025-mission2-scoped-smoke.spec.js:509:3 › QA-BO-025: Mission 2 scoped UI/responsive/accessibility smoke (AIL-030) › 12. Edit Name modal: ครบทุก viewport ไม่ overflow + error association + focus + ปิดได้ (4.3s)
  ok 58 [mobile-390] › tests\qa-bo-025-mission2-scoped-smoke.spec.js:509:3 › QA-BO-025: Mission 2 scoped UI/responsive/accessibility smoke (AIL-030) › 12. Edit Name modal: ครบทุก viewport ไม่ overflow + error association + focus + ปิดได้ (4.2s)
  ok 59 [tablet-768] › tests\qa-bo-025-mission2-scoped-smoke.spec.js:553:3 › QA-BO-025: Mission 2 scoped UI/responsive/accessibility smoke (AIL-030) › 13. Change Password modal: 3 fields + policy + toggles ครบทุก viewport + initial focus + error association (4.1s)
  ok 61 [tablet-768] › tests\qa-bo-025-mission2-scoped-smoke.spec.js:605:3 › QA-BO-025: Mission 2 scoped UI/responsive/accessibility smoke (AIL-030) › 14. Active Sessions: list + masked metadata + revoke modal ครบทุก viewport ไม่ overflow (3.2s)
  ok 60 [mobile-390] › tests\qa-bo-025-mission2-scoped-smoke.spec.js:553:3 › QA-BO-025: Mission 2 scoped UI/responsive/accessibility smoke (AIL-030) › 13. Change Password modal: 3 fields + policy + toggles ครบทุก viewport + initial focus + error association (4.4s)
  ok 62 [tablet-768] › tests\qa-bo-025-mission2-scoped-smoke.spec.js:654:3 › QA-BO-025: Mission 2 scoped UI/responsive/accessibility smoke (AIL-030) › 15. Logout All Devices modal: context + warning ครบทุก viewport + ยกเลิกไม่ mutate (3.4s)
  ok 63 [mobile-390] › tests\qa-bo-025-mission2-scoped-smoke.spec.js:605:3 › QA-BO-025: Mission 2 scoped UI/responsive/accessibility smoke (AIL-030) › 14. Active Sessions: list + masked metadata + revoke modal ครบทุก viewport ไม่ overflow (3.8s)
  ok 64 [tablet-768] › tests\qa-bo-025-mission2-scoped-smoke.spec.js:683:3 › QA-BO-025: Mission 2 scoped UI/responsive/accessibility smoke (AIL-030) › 16. Session Expired gate: state block + CTA ครบทุก viewport ไม่ overflow → กลับ Login (3.9s)
  ok 65 [mobile-390] › tests\qa-bo-025-mission2-scoped-smoke.spec.js:654:3 › QA-BO-025: Mission 2 scoped UI/responsive/accessibility smoke (AIL-030) › 15. Logout All Devices modal: context + warning ครบทุก viewport + ยกเลิกไม่ mutate (3.7s)
  ok 66 [tablet-768] › tests\qa-bo-025-mission2-scoped-smoke.spec.js:716:3 › QA-BO-025: Mission 2 scoped UI/responsive/accessibility smoke (AIL-030) › 17. Out-of-scope guard: exit reset/forgot mode แล้ว body/nav/login กลับสภาพเดิม ไม่มี class ค้าง (1.8s)
  ok 67 [mobile-390] › tests\qa-bo-025-mission2-scoped-smoke.spec.js:683:3 › QA-BO-025: Mission 2 scoped UI/responsive/accessibility smoke (AIL-030) › 16. Session Expired gate: state block + CTA ครบทุก viewport ไม่ overflow → กลับ Login (3.4s)
  ok 68 [mobile-390] › tests\qa-bo-025-mission2-scoped-smoke.spec.js:716:3 › QA-BO-025: Mission 2 scoped UI/responsive/accessibility smoke (AIL-030) › 17. Out-of-scope guard: exit reset/forgot mode แล้ว body/nav/login กลับสภาพเดิม ไม่มี class ค้าง (1.8s)

  68 passed (1.9m)
